###############################################################################
#
# IAR ELF Linker V9.10.2.313/W64 for ARM                  07/Aug/2022  15:19:35
# Copyright 2007-2021 IAR Systems AB.
#
#    Output file  =
#        C:\Users\gopala4\OneDrive - Medtronic
#        PLC\Desktop\MXTrial\GUI_Connect\EWARM\GUI_Connect\Exe\GUI_Connect.out
#    Map file     =
#        C:\Users\gopala4\OneDrive - Medtronic
#        PLC\Desktop\MXTrial\GUI_Connect\EWARM\GUI_Connect\List\GUI_Connect.map
#    Command line =
#        -f "C:\Users\gopala4\OneDrive - Medtronic
#        PLC\Desktop\MXTrial\GUI_Connect\EWARM\GUI_Connect\Exe\GUI_Connect.out.rsp"
#        ("C:\Users\gopala4\OneDrive - Medtronic
#        PLC\Desktop\MXTrial\GUI_Connect\EWARM\GUI_Connect\Obj\Application\User\Core\main.o"
#        "C:\Users\gopala4\OneDrive - Medtronic
#        PLC\Desktop\MXTrial\GUI_Connect\EWARM\GUI_Connect\Obj\Application\EWARM\startup_stm32u585xx.o"
#        "C:\Users\gopala4\OneDrive - Medtronic
#        PLC\Desktop\MXTrial\GUI_Connect\EWARM\GUI_Connect\Obj\Drivers\STM32U5xx_HAL_Driver\stm32u5xx_hal.o"
#        "C:\Users\gopala4\OneDrive - Medtronic
#        PLC\Desktop\MXTrial\GUI_Connect\EWARM\GUI_Connect\Obj\Drivers\STM32U5xx_HAL_Driver\stm32u5xx_hal_cortex.o"
#        "C:\Users\gopala4\OneDrive - Medtronic
#        PLC\Desktop\MXTrial\GUI_Connect\EWARM\GUI_Connect\Obj\Drivers\STM32U5xx_HAL_Driver\stm32u5xx_hal_dma.o"
#        "C:\Users\gopala4\OneDrive - Medtronic
#        PLC\Desktop\MXTrial\GUI_Connect\EWARM\GUI_Connect\Obj\Drivers\STM32U5xx_HAL_Driver\stm32u5xx_hal_dma_ex.o"
#        "C:\Users\gopala4\OneDrive - Medtronic
#        PLC\Desktop\MXTrial\GUI_Connect\EWARM\GUI_Connect\Obj\Drivers\STM32U5xx_HAL_Driver\stm32u5xx_hal_exti.o"
#        "C:\Users\gopala4\OneDrive - Medtronic
#        PLC\Desktop\MXTrial\GUI_Connect\EWARM\GUI_Connect\Obj\Drivers\STM32U5xx_HAL_Driver\stm32u5xx_hal_flash.o"
#        "C:\Users\gopala4\OneDrive - Medtronic
#        PLC\Desktop\MXTrial\GUI_Connect\EWARM\GUI_Connect\Obj\Drivers\STM32U5xx_HAL_Driver\stm32u5xx_hal_flash_ex.o"
#        "C:\Users\gopala4\OneDrive - Medtronic
#        PLC\Desktop\MXTrial\GUI_Connect\EWARM\GUI_Connect\Obj\Drivers\STM32U5xx_HAL_Driver\stm32u5xx_hal_gpio.o"
#        "C:\Users\gopala4\OneDrive - Medtronic
#        PLC\Desktop\MXTrial\GUI_Connect\EWARM\GUI_Connect\Obj\Drivers\STM32U5xx_HAL_Driver\stm32u5xx_hal_gtzc.o"
#        "C:\Users\gopala4\OneDrive - Medtronic
#        PLC\Desktop\MXTrial\GUI_Connect\EWARM\GUI_Connect\Obj\Drivers\STM32U5xx_HAL_Driver\stm32u5xx_hal_i2c.o"
#        "C:\Users\gopala4\OneDrive - Medtronic
#        PLC\Desktop\MXTrial\GUI_Connect\EWARM\GUI_Connect\Obj\Drivers\STM32U5xx_HAL_Driver\stm32u5xx_hal_i2c_ex.o"
#        "C:\Users\gopala4\OneDrive - Medtronic
#        PLC\Desktop\MXTrial\GUI_Connect\EWARM\GUI_Connect\Obj\Drivers\STM32U5xx_HAL_Driver\stm32u5xx_hal_icache.o"
#        "C:\Users\gopala4\OneDrive - Medtronic
#        PLC\Desktop\MXTrial\GUI_Connect\EWARM\GUI_Connect\Obj\Drivers\STM32U5xx_HAL_Driver\stm32u5xx_hal_mdf.o"
#        "C:\Users\gopala4\OneDrive - Medtronic
#        PLC\Desktop\MXTrial\GUI_Connect\EWARM\GUI_Connect\Obj\Application\User\Core\stm32u5xx_hal_msp.o"
#        "C:\Users\gopala4\OneDrive - Medtronic
#        PLC\Desktop\MXTrial\GUI_Connect\EWARM\GUI_Connect\Obj\Drivers\STM32U5xx_HAL_Driver\stm32u5xx_hal_ospi.o"
#        "C:\Users\gopala4\OneDrive - Medtronic
#        PLC\Desktop\MXTrial\GUI_Connect\EWARM\GUI_Connect\Obj\Drivers\STM32U5xx_HAL_Driver\stm32u5xx_hal_pcd.o"
#        "C:\Users\gopala4\OneDrive - Medtronic
#        PLC\Desktop\MXTrial\GUI_Connect\EWARM\GUI_Connect\Obj\Drivers\STM32U5xx_HAL_Driver\stm32u5xx_hal_pcd_ex.o"
#        "C:\Users\gopala4\OneDrive - Medtronic
#        PLC\Desktop\MXTrial\GUI_Connect\EWARM\GUI_Connect\Obj\Drivers\STM32U5xx_HAL_Driver\stm32u5xx_hal_pwr.o"
#        "C:\Users\gopala4\OneDrive - Medtronic
#        PLC\Desktop\MXTrial\GUI_Connect\EWARM\GUI_Connect\Obj\Drivers\STM32U5xx_HAL_Driver\stm32u5xx_hal_pwr_ex.o"
#        "C:\Users\gopala4\OneDrive - Medtronic
#        PLC\Desktop\MXTrial\GUI_Connect\EWARM\GUI_Connect\Obj\Drivers\STM32U5xx_HAL_Driver\stm32u5xx_hal_rcc.o"
#        "C:\Users\gopala4\OneDrive - Medtronic
#        PLC\Desktop\MXTrial\GUI_Connect\EWARM\GUI_Connect\Obj\Drivers\STM32U5xx_HAL_Driver\stm32u5xx_hal_rcc_ex.o"
#        "C:\Users\gopala4\OneDrive - Medtronic
#        PLC\Desktop\MXTrial\GUI_Connect\EWARM\GUI_Connect\Obj\Drivers\STM32U5xx_HAL_Driver\stm32u5xx_hal_spi.o"
#        "C:\Users\gopala4\OneDrive - Medtronic
#        PLC\Desktop\MXTrial\GUI_Connect\EWARM\GUI_Connect\Obj\Drivers\STM32U5xx_HAL_Driver\stm32u5xx_hal_spi_ex.o"
#        "C:\Users\gopala4\OneDrive - Medtronic
#        PLC\Desktop\MXTrial\GUI_Connect\EWARM\GUI_Connect\Obj\Drivers\STM32U5xx_HAL_Driver\stm32u5xx_hal_tim.o"
#        "C:\Users\gopala4\OneDrive - Medtronic
#        PLC\Desktop\MXTrial\GUI_Connect\EWARM\GUI_Connect\Obj\Drivers\STM32U5xx_HAL_Driver\stm32u5xx_hal_tim_ex.o"
#        "C:\Users\gopala4\OneDrive - Medtronic
#        PLC\Desktop\MXTrial\GUI_Connect\EWARM\GUI_Connect\Obj\Drivers\STM32U5xx_HAL_Driver\stm32u5xx_hal_uart.o"
#        "C:\Users\gopala4\OneDrive - Medtronic
#        PLC\Desktop\MXTrial\GUI_Connect\EWARM\GUI_Connect\Obj\Drivers\STM32U5xx_HAL_Driver\stm32u5xx_hal_uart_ex.o"
#        "C:\Users\gopala4\OneDrive - Medtronic
#        PLC\Desktop\MXTrial\GUI_Connect\EWARM\GUI_Connect\Obj\Application\User\Core\stm32u5xx_it.o"
#        "C:\Users\gopala4\OneDrive - Medtronic
#        PLC\Desktop\MXTrial\GUI_Connect\EWARM\GUI_Connect\Obj\Drivers\STM32U5xx_HAL_Driver\stm32u5xx_ll_dlyb.o"
#        "C:\Users\gopala4\OneDrive - Medtronic
#        PLC\Desktop\MXTrial\GUI_Connect\EWARM\GUI_Connect\Obj\Drivers\STM32U5xx_HAL_Driver\stm32u5xx_ll_dma.o"
#        "C:\Users\gopala4\OneDrive - Medtronic
#        PLC\Desktop\MXTrial\GUI_Connect\EWARM\GUI_Connect\Obj\Drivers\STM32U5xx_HAL_Driver\stm32u5xx_ll_exti.o"
#        "C:\Users\gopala4\OneDrive - Medtronic
#        PLC\Desktop\MXTrial\GUI_Connect\EWARM\GUI_Connect\Obj\Drivers\STM32U5xx_HAL_Driver\stm32u5xx_ll_gpio.o"
#        "C:\Users\gopala4\OneDrive - Medtronic
#        PLC\Desktop\MXTrial\GUI_Connect\EWARM\GUI_Connect\Obj\Drivers\STM32U5xx_HAL_Driver\stm32u5xx_ll_lpgpio.o"
#        "C:\Users\gopala4\OneDrive - Medtronic
#        PLC\Desktop\MXTrial\GUI_Connect\EWARM\GUI_Connect\Obj\Drivers\STM32U5xx_HAL_Driver\stm32u5xx_ll_ucpd.o"
#        "C:\Users\gopala4\OneDrive - Medtronic
#        PLC\Desktop\MXTrial\GUI_Connect\EWARM\GUI_Connect\Obj\Drivers\STM32U5xx_HAL_Driver\stm32u5xx_ll_usb.o"
#        "C:\Users\gopala4\OneDrive - Medtronic
#        PLC\Desktop\MXTrial\GUI_Connect\EWARM\GUI_Connect\Obj\Drivers\STM32U5xx_HAL_Driver\stm32u5xx_ll_utils.o"
#        "C:\Users\gopala4\OneDrive - Medtronic
#        PLC\Desktop\MXTrial\GUI_Connect\EWARM\GUI_Connect\Obj\Drivers\CMSIS\system_stm32u5xx.o"
#        --no_out_extension -o "C:\Users\gopala4\OneDrive - Medtronic
#        PLC\Desktop\MXTrial\GUI_Connect\EWARM\GUI_Connect\Exe\GUI_Connect.out"
#        --redirect _Printf=_PrintfFullNoMb --redirect _Scanf=_ScanfFullNoMb
#        --map "C:\Users\gopala4\OneDrive - Medtronic
#        PLC\Desktop\MXTrial\GUI_Connect\EWARM\GUI_Connect\List\GUI_Connect.map"
#        --config "C:\Users\gopala4\OneDrive - Medtronic
#        PLC\Desktop\MXTrial\GUI_Connect\EWARM/stm32u585xx_flash.icf"
#        --semihosting --entry __iar_program_start --vfe --text_out locale)
#
###############################################################################

*******************************************************************************
*** RUNTIME MODEL ATTRIBUTES
***

CppFlavor       = *
__SystemLibrary = DLib
__dlib_version  = 6


*******************************************************************************
*** HEAP SELECTION
***

The basic heap was selected because no calls to memory allocation
functions were found in the application outside of system library
functions, and there are calls to deallocation functions in the
application.


*******************************************************************************
*** PLACEMENT SUMMARY
***

"A0":  place at address 0x800'0000 { ro section .intvec };
"P1":  place in [from 0x800'0000 to 0x81f'ffff] { ro };
define block CSTACK with size = 4K, alignment = 8 { };
define block HEAP with size = 512, alignment = 8 { };
"P2":  place in [from 0x2000'0000 to 0x200b'ffff] {
          rw, block CSTACK, block HEAP };
initialize by copy { rw };

  Section            Kind         Address    Size  Object
  -------            ----         -------    ----  ------
"A0":                                       0x234
  .intvec            ro code   0x800'0000   0x234  startup_stm32u585xx.o [1]
                             - 0x800'0234   0x234

"P1":                                      0xab90
  .text              ro code   0x800'0234  0x2f42  main.o [2]
  .text              ro code   0x800'3176    0x14  memset.o [7]
  .text              ro code   0x800'318a    0x2a  copy_init3.o [7]
  .text              ro code   0x800'31b4   0xc68  stm32u5xx_hal_tim.o [4]
  .text              ro code   0x800'3e1c   0x204  stm32u5xx_hal_tim_ex.o [4]
  .text              ro code   0x800'4020   0x790  stm32u5xx_hal_msp.o [2]
  .text              ro code   0x800'47b0    0x28  stm32u5xx_hal.o [4]
  .text              ro code   0x800'47d8    0x18  ABImemcpy_small.o [7]
  .text              ro code   0x800'47f0   0x1ec  stm32u5xx_hal_gpio.o [4]
  .text              ro code   0x800'49dc    0x14  strlen_small.o [7]
  .text              ro code   0x800'49f0    0x1e  strncpy_small.o [7]
  .text              ro code   0x800'4a0e    0x28  strncmp.o [5]
  .text              ro code   0x800'4a38    0x48  FltToDbl.o [6]
  .text              ro code   0x800'4a80    0x16  math_wrappers64.o [6]
  .text              ro code   0x800'4a98   0x1aa  DblMul.o [6]
  .text              ro code   0x800'4c44    0x68  DblToFlt.o [6]
  .text              ro code   0x800'4cac    0x39  strtok_r.o [5]
  .text              ro code   0x800'4ce8   0x25e  DblAddSub.o [6]
  .text              ro code   0x800'4f48   0x168  stm32u5xx_hal_uart_ex.o [4]
  .text              ro code   0x800'50b0    0x50  stm32u5xx_hal.o [4]
  .text              ro code   0x800'5100   0x138  stm32u5xx_hal_pwr_ex.o [4]
  .text              ro code   0x800'5238   0xe08  stm32u5xx_hal_rcc.o [4]
  .text              ro code   0x800'6040   0x248  stm32u5xx_hal_mdf.o [4]
  .text              ro code   0x800'6288    0x9e  stm32u5xx_hal_i2c_ex.o [4]
  .text              ro code   0x800'6328    0xcc  stm32u5xx_hal_i2c.o [4]
  .text              ro code   0x800'63f4    0x38  stm32u5xx_hal_icache.o [4]
  .text              ro code   0x800'642c   0x904  stm32u5xx_hal_ospi.o [4]
  .text              ro code   0x800'6d30   0x172  stm32u5xx_hal_spi.o [4]
  .text              ro code   0x800'6ea4    0x58  stm32u5xx_hal_spi_ex.o [4]
  .text              ro code   0x800'6efc   0xc72  stm32u5xx_hal_uart.o [4]
  .text              ro code   0x800'7b70   0x122  stm32u5xx_ll_gpio.o [4]
  .text              ro code   0x800'7c94   0x12a  stm32u5xx_hal_pcd.o [4]
  .text              ro code   0x800'7dc0    0x12  ABImemset_small.o [7]
  .text              ro code   0x800'7dd2     0x2  stm32u5xx_hal_tim.o [4]
  .text              ro code   0x800'7dd4     0x2  stm32u5xx_hal_tim.o [4]
  .text              ro code   0x800'7dd6     0x2  stm32u5xx_hal_tim.o [4]
  .text              ro code   0x800'7dd8     0x2  stm32u5xx_hal_tim_ex.o [4]
  .text              ro code   0x800'7dda     0x2  stm32u5xx_hal_tim_ex.o [4]
  .text              ro code   0x800'7ddc     0x2  stm32u5xx_hal_tim.o [4]
  .text              ro code   0x800'7dde     0x2  stm32u5xx_hal_tim_ex.o [4]
  .text              ro code   0x800'7de0     0x2  stm32u5xx_hal_tim_ex.o [4]
  .text              ro code   0x800'7de2     0x2  stm32u5xx_hal_tim_ex.o [4]
  .text              ro code   0x800'7de4     0x2  stm32u5xx_hal_tim_ex.o [4]
  .text              ro code   0x800'7de6     0x2  stm32u5xx_hal_tim_ex.o [4]
  .text              ro code   0x800'7de8     0x2  stm32u5xx_hal_tim.o [4]
  .text              ro code   0x800'7dec   0x108  stm32u5xx_hal_cortex.o [4]
  .text              ro code   0x800'7ef4  0x119c  stm32u5xx_hal_rcc_ex.o [4]
  .text              ro code   0x800'9090     0xc  stm32u5xx_hal.o [4]
  .text              ro code   0x800'909c   0x668  pow64.o [6]
  .text              ro code   0x800'9704    0x22  strspn.o [5]
  .text              ro code   0x800'9726    0x22  strcspn.o [5]
  .text              ro code   0x800'9748    0x4c  stm32u5xx_hal.o [4]
  .text              ro code   0x800'9794    0xe2  stm32u5xx_hal_dma.o [4]
  .text              ro code   0x800'9878    0x1c  stm32u5xx_ll_dlyb.o [4]
  .text              ro code   0x800'9894     0x2  stm32u5xx_hal_uart.o [4]
  .text              ro code   0x800'9896     0x2  stm32u5xx_hal_uart_ex.o [4]
  .text              ro code   0x800'9898     0x2  stm32u5xx_hal_uart_ex.o [4]
  .text              ro code   0x800'989c   0x106  I64DivMod_small.o [7]
  .text              ro code   0x800'99a2     0x2  stm32u5xx_hal_uart.o [4]
  .text              ro code   0x800'99a4     0x2  stm32u5xx_hal_uart.o [4]
  .text              ro code   0x800'99a8   0x334  stm32u5xx_ll_usb.o [4]
  .text              ro code   0x800'9cdc    0x26  stm32u5xx_hal_pcd_ex.o [4]
  .text              ro code   0x800'9d04    0x20  DblCmpEq.o [6]
  .text              ro code   0x800'9d24    0x70  frexp.o [6]
  .text              ro code   0x800'9d94    0x34  DblCmpLe.o [6]
  .text              ro code   0x800'9dc8    0x36  DblToS32.o [6]
  .text              ro code   0x800'9e00    0x22  S32ToDbl.o [6]
  .text              ro code   0x800'9e24   0x246  DblDiv.o [6]
  .text              ro code   0x800'a06c    0x34  DblCmpGe.o [6]
  .text              ro code   0x800'a0a0   0x2d0  iar_Exp64.o [6]
  .text              ro code   0x800'a370     0x2  I64DivZer.o [7]
  .text              ro code   0x800'a374   0x13a  ldexp.o [6]
  .text              ro code   0x800'a4b0    0x74  system_stm32u5xx.o [3]
  .rodata            const     0x800'a528   0x420  pow64.o [6]
  .rodata            const     0x800'a948    0x80  stm32u5xx_hal_gpio.o [4]
  .rodata            const     0x800'a9c8    0x40  system_stm32u5xx.o [3]
  .text              ro code   0x800'aa08    0x3c  stm32u5xx_it.o [2]
  .text              ro code   0x800'aa44    0x18  stm32u5xx_hal.o [4]
  .text              ro code   0x800'aa5c    0x38  zero_init3.o [7]
  .text              ro code   0x800'aa94    0x28  data_init.o [7]
  .text              ro code   0x800'aabc    0x22  fpinit_M.o [6]
  .iar.init_table    const     0x800'aae0    0x24  - Linker created -
  .text              ro code   0x800'ab04    0x1e  cmain.o [7]
  .text              ro code   0x800'ab22     0x4  low_level_init.o [5]
  .text              ro code   0x800'ab26     0x4  exit.o [5]
  .text              ro code   0x800'ab2c     0xa  cexit.o [7]
  .text              ro code   0x800'ab38    0x14  exit.o [8]
  .text              ro code   0x800'ab4c    0x1c  cstartup_M.o [7]
  .rodata            const     0x800'ab68    0x18  main.o [2]
  .rodata            const     0x800'ab80    0x18  stm32u5xx_hal_uart.o [4]
  .rodata            const     0x800'ab98    0x10  system_stm32u5xx.o [3]
  .text              ro code   0x800'aba8    0x10  startup_stm32u585xx.o [1]
  Initializer bytes  const     0x800'abb8     0xc  <for P2-1>
  .rodata            const     0x800'abc4     0x8  stm32u5xx_hal_uart_ex.o [4]
  .rodata            const     0x800'abcc     0x8  stm32u5xx_hal_uart_ex.o [4]
  .rodata            const     0x800'abd4     0x8  system_stm32u5xx.o [3]
  .text              ro code   0x800'abdc     0x4  startup_stm32u585xx.o [1]
  .text              ro code   0x800'abe0     0x4  startup_stm32u585xx.o [1]
  .text              ro code   0x800'abe4     0x4  startup_stm32u585xx.o [1]
  .text              ro code   0x800'abe8     0x4  startup_stm32u585xx.o [1]
  .text              ro code   0x800'abec     0x4  startup_stm32u585xx.o [1]
  .text              ro code   0x800'abf0     0x4  startup_stm32u585xx.o [1]
  .text              ro code   0x800'abf4     0x4  startup_stm32u585xx.o [1]
  .text              ro code   0x800'abf8     0x4  startup_stm32u585xx.o [1]
  .text              ro code   0x800'abfc     0x4  startup_stm32u585xx.o [1]
  .text              ro code   0x800'ac00     0x4  startup_stm32u585xx.o [1]
  .text              ro code   0x800'ac04     0x4  startup_stm32u585xx.o [1]
  .text              ro code   0x800'ac08     0x4  startup_stm32u585xx.o [1]
  .text              ro code   0x800'ac0c     0x4  startup_stm32u585xx.o [1]
  .text              ro code   0x800'ac10     0x4  startup_stm32u585xx.o [1]
  .text              ro code   0x800'ac14     0x4  startup_stm32u585xx.o [1]
  .text              ro code   0x800'ac18     0x4  startup_stm32u585xx.o [1]
  .text              ro code   0x800'ac1c     0x4  startup_stm32u585xx.o [1]
  .text              ro code   0x800'ac20     0x4  startup_stm32u585xx.o [1]
  .text              ro code   0x800'ac24     0x4  startup_stm32u585xx.o [1]
  .text              ro code   0x800'ac28     0x4  startup_stm32u585xx.o [1]
  .text              ro code   0x800'ac2c     0x4  startup_stm32u585xx.o [1]
  .text              ro code   0x800'ac30     0x4  startup_stm32u585xx.o [1]
  .text              ro code   0x800'ac34     0x4  startup_stm32u585xx.o [1]
  .text              ro code   0x800'ac38     0x4  startup_stm32u585xx.o [1]
  .text              ro code   0x800'ac3c     0x4  startup_stm32u585xx.o [1]
  .text              ro code   0x800'ac40     0x4  startup_stm32u585xx.o [1]
  .text              ro code   0x800'ac44     0x4  startup_stm32u585xx.o [1]
  .text              ro code   0x800'ac48     0x4  startup_stm32u585xx.o [1]
  .text              ro code   0x800'ac4c     0x4  startup_stm32u585xx.o [1]
  .text              ro code   0x800'ac50     0x4  startup_stm32u585xx.o [1]
  .text              ro code   0x800'ac54     0x4  startup_stm32u585xx.o [1]
  .text              ro code   0x800'ac58     0x4  startup_stm32u585xx.o [1]
  .text              ro code   0x800'ac5c     0x4  startup_stm32u585xx.o [1]
  .text              ro code   0x800'ac60     0x4  startup_stm32u585xx.o [1]
  .text              ro code   0x800'ac64     0x4  startup_stm32u585xx.o [1]
  .text              ro code   0x800'ac68     0x4  startup_stm32u585xx.o [1]
  .text              ro code   0x800'ac6c     0x4  startup_stm32u585xx.o [1]
  .text              ro code   0x800'ac70     0x4  startup_stm32u585xx.o [1]
  .text              ro code   0x800'ac74     0x4  startup_stm32u585xx.o [1]
  .text              ro code   0x800'ac78     0x4  startup_stm32u585xx.o [1]
  .text              ro code   0x800'ac7c     0x4  startup_stm32u585xx.o [1]
  .text              ro code   0x800'ac80     0x4  startup_stm32u585xx.o [1]
  .text              ro code   0x800'ac84     0x4  startup_stm32u585xx.o [1]
  .text              ro code   0x800'ac88     0x4  startup_stm32u585xx.o [1]
  .text              ro code   0x800'ac8c     0x4  startup_stm32u585xx.o [1]
  .text              ro code   0x800'ac90     0x4  startup_stm32u585xx.o [1]
  .text              ro code   0x800'ac94     0x4  startup_stm32u585xx.o [1]
  .text              ro code   0x800'ac98     0x4  startup_stm32u585xx.o [1]
  .text              ro code   0x800'ac9c     0x4  startup_stm32u585xx.o [1]
  .text              ro code   0x800'aca0     0x4  startup_stm32u585xx.o [1]
  .text              ro code   0x800'aca4     0x4  startup_stm32u585xx.o [1]
  .text              ro code   0x800'aca8     0x4  startup_stm32u585xx.o [1]
  .text              ro code   0x800'acac     0x4  startup_stm32u585xx.o [1]
  .text              ro code   0x800'acb0     0x4  startup_stm32u585xx.o [1]
  .text              ro code   0x800'acb4     0x4  startup_stm32u585xx.o [1]
  .text              ro code   0x800'acb8     0x4  startup_stm32u585xx.o [1]
  .text              ro code   0x800'acbc     0x4  startup_stm32u585xx.o [1]
  .text              ro code   0x800'acc0     0x4  startup_stm32u585xx.o [1]
  .text              ro code   0x800'acc4     0x4  startup_stm32u585xx.o [1]
  .text              ro code   0x800'acc8     0x4  startup_stm32u585xx.o [1]
  .text              ro code   0x800'accc     0x4  startup_stm32u585xx.o [1]
  .text              ro code   0x800'acd0     0x4  startup_stm32u585xx.o [1]
  .text              ro code   0x800'acd4     0x4  startup_stm32u585xx.o [1]
  .text              ro code   0x800'acd8     0x4  startup_stm32u585xx.o [1]
  .text              ro code   0x800'acdc     0x4  startup_stm32u585xx.o [1]
  .text              ro code   0x800'ace0     0x4  startup_stm32u585xx.o [1]
  .text              ro code   0x800'ace4     0x4  startup_stm32u585xx.o [1]
  .text              ro code   0x800'ace8     0x4  startup_stm32u585xx.o [1]
  .text              ro code   0x800'acec     0x4  startup_stm32u585xx.o [1]
  .text              ro code   0x800'acf0     0x4  startup_stm32u585xx.o [1]
  .text              ro code   0x800'acf4     0x4  startup_stm32u585xx.o [1]
  .text              ro code   0x800'acf8     0x4  startup_stm32u585xx.o [1]
  .text              ro code   0x800'acfc     0x4  startup_stm32u585xx.o [1]
  .text              ro code   0x800'ad00     0x4  startup_stm32u585xx.o [1]
  .text              ro code   0x800'ad04     0x4  startup_stm32u585xx.o [1]
  .text              ro code   0x800'ad08     0x4  startup_stm32u585xx.o [1]
  .text              ro code   0x800'ad0c     0x4  startup_stm32u585xx.o [1]
  .text              ro code   0x800'ad10     0x4  startup_stm32u585xx.o [1]
  .text              ro code   0x800'ad14     0x4  startup_stm32u585xx.o [1]
  .text              ro code   0x800'ad18     0x4  startup_stm32u585xx.o [1]
  .text              ro code   0x800'ad1c     0x4  startup_stm32u585xx.o [1]
  .text              ro code   0x800'ad20     0x4  startup_stm32u585xx.o [1]
  .text              ro code   0x800'ad24     0x4  startup_stm32u585xx.o [1]
  .text              ro code   0x800'ad28     0x4  startup_stm32u585xx.o [1]
  .text              ro code   0x800'ad2c     0x4  startup_stm32u585xx.o [1]
  .text              ro code   0x800'ad30     0x4  startup_stm32u585xx.o [1]
  .text              ro code   0x800'ad34     0x4  startup_stm32u585xx.o [1]
  .text              ro code   0x800'ad38     0x4  startup_stm32u585xx.o [1]
  .text              ro code   0x800'ad3c     0x4  startup_stm32u585xx.o [1]
  .text              ro code   0x800'ad40     0x4  startup_stm32u585xx.o [1]
  .text              ro code   0x800'ad44     0x4  startup_stm32u585xx.o [1]
  .text              ro code   0x800'ad48     0x4  startup_stm32u585xx.o [1]
  .text              ro code   0x800'ad4c     0x4  startup_stm32u585xx.o [1]
  .text              ro code   0x800'ad50     0x4  startup_stm32u585xx.o [1]
  .text              ro code   0x800'ad54     0x4  startup_stm32u585xx.o [1]
  .text              ro code   0x800'ad58     0x4  startup_stm32u585xx.o [1]
  .text              ro code   0x800'ad5c     0x4  startup_stm32u585xx.o [1]
  .text              ro code   0x800'ad60     0x4  startup_stm32u585xx.o [1]
  .text              ro code   0x800'ad64     0x4  startup_stm32u585xx.o [1]
  .text              ro code   0x800'ad68     0x4  startup_stm32u585xx.o [1]
  .text              ro code   0x800'ad6c     0x4  startup_stm32u585xx.o [1]
  .text              ro code   0x800'ad70     0x4  startup_stm32u585xx.o [1]
  .text              ro code   0x800'ad74     0x4  startup_stm32u585xx.o [1]
  .text              ro code   0x800'ad78     0x4  startup_stm32u585xx.o [1]
  .text              ro code   0x800'ad7c     0x4  startup_stm32u585xx.o [1]
  .text              ro code   0x800'ad80     0x4  startup_stm32u585xx.o [1]
  .text              ro code   0x800'ad84     0x4  startup_stm32u585xx.o [1]
  .text              ro code   0x800'ad88     0x4  startup_stm32u585xx.o [1]
  .text              ro code   0x800'ad8c     0x4  startup_stm32u585xx.o [1]
  .text              ro code   0x800'ad90     0x4  startup_stm32u585xx.o [1]
  .text              ro code   0x800'ad94     0x4  startup_stm32u585xx.o [1]
  .text              ro code   0x800'ad98     0x4  startup_stm32u585xx.o [1]
  .text              ro code   0x800'ad9c     0x4  startup_stm32u585xx.o [1]
  .text              ro code   0x800'ada0     0x4  startup_stm32u585xx.o [1]
  .text              ro code   0x800'ada4     0x4  startup_stm32u585xx.o [1]
  .text              ro code   0x800'ada8     0x4  startup_stm32u585xx.o [1]
  .text              ro code   0x800'adac     0x4  startup_stm32u585xx.o [1]
  .text              ro code   0x800'adb0     0x4  startup_stm32u585xx.o [1]
  .text              ro code   0x800'adb4     0x4  startup_stm32u585xx.o [1]
  .text              ro code   0x800'adb8     0x4  startup_stm32u585xx.o [1]
  .text              ro code   0x800'adbc     0x4  startup_stm32u585xx.o [1]
  .text              ro code   0x800'adc0     0x4  startup_stm32u585xx.o [1]
  .rodata            const     0x800'adc4     0x0  zero_init3.o [7]
  .rodata            const     0x800'adc4     0x0  copy_init3.o [7]
                             - 0x800'adc4  0xab90

"P2", part 1 of 3:                            0xc
  P2-1                        0x2000'0000     0x9  <Init block>
    .data            inited   0x2000'0000     0x4  stm32u5xx_hal.o [4]
    .data            inited   0x2000'0004     0x4  system_stm32u5xx.o [3]
    .data            inited   0x2000'0008     0x1  stm32u5xx_hal.o [4]
                            - 0x2000'0009     0x9

"P2", part 2 of 3:                         0x10c8
  .bss               zero     0x2000'000c   0x50c  main.o [2]
  .bss               zero     0x2000'0518   0x3e8  main.o [2]
  .bss               zero     0x2000'0900   0x190  main.o [2]
  .bss               zero     0x2000'0a90    0xc8  main.o [2]
  .bss               zero     0x2000'0b58    0x90  main.o [2]
  .bss               zero     0x2000'0be8    0x90  main.o [2]
  .bss               zero     0x2000'0c78    0x90  main.o [2]
  .bss               zero     0x2000'0d08    0x7c  main.o [2]
  .bss               zero     0x2000'0d84    0x64  main.o [2]
  .bss               zero     0x2000'0de8    0x5c  main.o [2]
  .bss               zero     0x2000'0e44    0x5c  main.o [2]
  .bss               zero     0x2000'0ea0    0x4c  main.o [2]
  .bss               zero     0x2000'0eec    0x4c  main.o [2]
  .bss               zero     0x2000'0f38    0x4c  main.o [2]
  .bss               zero     0x2000'0f84    0x4c  main.o [2]
  .bss               zero     0x2000'0fd0    0x4c  main.o [2]
  .bss               zero     0x2000'101c    0x4c  main.o [2]
  .bss               zero     0x2000'1068    0x44  main.o [2]
  .bss               zero     0x2000'10ac    0x1c  stm32u5xx_hal_mdf.o [4]
  .bss               zero     0x2000'10c8     0x4  stm32u5xx_hal.o [4]
  .bss               zero     0x2000'10cc     0x4  stm32u5xx_hal_mdf.o [4]
  .bss               zero     0x2000'10d0     0x4  stm32u5xx_hal_mdf.o [4]
                            - 0x2000'10d4  0x10c8

"P2", part 3 of 3:                         0x1000
  CSTACK                      0x2000'10d8  0x1000  <Block>
    CSTACK           uninit   0x2000'10d8  0x1000  <Block tail>
                            - 0x2000'20d8  0x1000

Unused ranges:

         From           To       Size
         ----           --       ----
   0x800'adc4   0x81f'ffff  0x1f'523c
  0x2000'10d4  0x2000'10d7        0x4
  0x2000'20d8  0x200b'ffff   0xb'df28


*******************************************************************************
*** INIT TABLE
***

          Address      Size
          -------      ----
Zero (__iar_zero_init3)
    1 destination range, total size 0x10c8:
          0x2000'000c  0x10c8

Copy (__iar_copy_init3)
    1 source range, total size 0xc (133% of destination):
           0x800'abb8     0xc
    1 destination range, total size 0x9:
          0x2000'0000     0x9



*******************************************************************************
*** MODULE SUMMARY
***

    Module                   ro code  ro data  rw data
    ------                   -------  -------  -------
command line/config:
    --------------------------------------------------
    Total:

C:\Users\gopala4\OneDrive - Medtronic PLC\Desktop\MXTrial\GUI_Connect\EWARM\GUI_Connect\Obj\Application\EWARM: [1]
    startup_stm32u585xx.o      1'068
    --------------------------------------------------
    Total:                     1'068

C:\Users\gopala4\OneDrive - Medtronic PLC\Desktop\MXTrial\GUI_Connect\EWARM\GUI_Connect\Obj\Application\User\Core: [2]
    main.o                    12'098       24    4'256
    stm32u5xx_hal_msp.o        1'936
    stm32u5xx_it.o                60
    --------------------------------------------------
    Total:                    14'094       24    4'256

C:\Users\gopala4\OneDrive - Medtronic PLC\Desktop\MXTrial\GUI_Connect\EWARM\GUI_Connect\Obj\Drivers\CMSIS: [3]
    system_stm32u5xx.o           116       92        4
    --------------------------------------------------
    Total:                       116       92        4

C:\Users\gopala4\OneDrive - Medtronic PLC\Desktop\MXTrial\GUI_Connect\EWARM\GUI_Connect\Obj\Drivers\STM32U5xx_HAL_Driver: [4]
    stm32u5xx_hal.o              232        5        9
    stm32u5xx_hal_cortex.o       264
    stm32u5xx_hal_dma.o          226
    stm32u5xx_hal_gpio.o         492      128
    stm32u5xx_hal_i2c.o          204
    stm32u5xx_hal_i2c_ex.o       158
    stm32u5xx_hal_icache.o        56
    stm32u5xx_hal_mdf.o          584                36
    stm32u5xx_hal_ospi.o       2'308
    stm32u5xx_hal_pcd.o          298
    stm32u5xx_hal_pcd_ex.o        38
    stm32u5xx_hal_pwr_ex.o       312
    stm32u5xx_hal_rcc.o        3'592
    stm32u5xx_hal_rcc_ex.o     4'508
    stm32u5xx_hal_spi.o          370
    stm32u5xx_hal_spi_ex.o        88
    stm32u5xx_hal_tim.o        3'186
    stm32u5xx_hal_tim_ex.o       530
    stm32u5xx_hal_uart.o       3'192       24
    stm32u5xx_hal_uart_ex.o      364       16
    stm32u5xx_ll_dlyb.o           28
    stm32u5xx_ll_gpio.o          290
    stm32u5xx_ll_usb.o           820
    --------------------------------------------------
    Total:                    22'140      173       45

dl7M_tlf.a: [5]
    exit.o                         4
    low_level_init.o               4
    strcspn.o                     34
    strncmp.o                     40
    strspn.o                      34
    strtok_r.o                    57
    --------------------------------------------------
    Total:                       173

m7M_tls.a: [6]
    DblAddSub.o                  606
    DblCmpEq.o                    32
    DblCmpGe.o                    52
    DblCmpLe.o                    52
    DblDiv.o                     582
    DblMul.o                     426
    DblToFlt.o                   104
    DblToS32.o                    54
    FltToDbl.o                    72
    S32ToDbl.o                    34
    fpinit_M.o                    34
    frexp.o                      112
    iar_Exp64.o                  720
    ldexp.o                      314
    math_wrappers64.o             22
    pow64.o                    1'640    1'056
    --------------------------------------------------
    Total:                     4'856    1'056

rt7M_tl.a: [7]
    ABImemcpy_small.o             24
    ABImemset_small.o             18
    I64DivMod_small.o            262
    I64DivZer.o                    2
    cexit.o                       10
    cmain.o                       30
    copy_init3.o                  42
    cstartup_M.o                  28
    data_init.o                   40
    memset.o                      20
    strlen_small.o                20
    strncpy_small.o               30
    zero_init3.o                  56
    --------------------------------------------------
    Total:                       582

shb_l.a: [8]
    exit.o                        20
    --------------------------------------------------
    Total:                        20

    Gaps                          45        6
    Linker created                         39    4'096
------------------------------------------------------
    Grand Total:              43'094    1'390    8'401


*******************************************************************************
*** ENTRY LIST
***

Entry                       Address   Size  Type      Object
-----                       -------   ----  ----      ------
.iar.init_table$$Base    0x800'aae0          --   Gb  - Linker created -
.iar.init_table$$Limit   0x800'ab04          --   Gb  - Linker created -
?main                    0x800'ab05         Code  Gb  cmain.o [7]
AHBPrescTable            0x800'ab98   0x10  Data  Gb  system_stm32u5xx.o [3]
APBPrescTable            0x800'abd4    0x8  Data  Gb  system_stm32u5xx.o [3]
AdfFilterConfig0        0x2000'0d08   0x7c  Data  Gb  main.o [2]
AdfHandle0              0x2000'1068   0x44  Data  Gb  main.o [2]
BusFault_Handler         0x800'aa0f    0x2  Code  Gb  stm32u5xx_it.o [2]
CSTACK$$Base            0x2000'10d8          --   Gb  - Linker created -
CSTACK$$Limit           0x2000'20d8          --   Gb  - Linker created -
DebugMon_Handler         0x800'aa15    0x2  Code  Gb  stm32u5xx_it.o [2]
Error_Handler            0x800'3173    0x4  Code  Gb  main.o [2]
HAL_DMA_Abort            0x800'97a1   0x96  Code  Gb  stm32u5xx_hal_dma.o [4]
HAL_DMA_Abort_IT         0x800'983f   0x2c  Code  Gb  stm32u5xx_hal_dma.o [4]
HAL_Delay                0x800'47b1   0x28  Code  Gb  stm32u5xx_hal.o [4]
HAL_GPIO_Init            0x800'47f1  0x194  Code  Gb  stm32u5xx_hal_gpio.o [4]
HAL_GPIO_WritePin        0x800'49a9    0xa  Code  Gb  stm32u5xx_hal_gpio.o [4]
HAL_GetTick              0x800'9091    0xc  Code  Gb  stm32u5xx_hal.o [4]
HAL_I2CEx_ConfigAnalogFilter
                         0x800'6289   0x40  Code  Gb  stm32u5xx_hal_i2c_ex.o [4]
HAL_I2CEx_ConfigDigitalFilter
                         0x800'62c9   0x3e  Code  Gb  stm32u5xx_hal_i2c_ex.o [4]
HAL_I2C_Init             0x800'6329   0xa8  Code  Gb  stm32u5xx_hal_i2c.o [4]
HAL_I2C_MspInit          0x800'40b1   0x9a  Code  Gb  stm32u5xx_hal_msp.o [2]
HAL_ICACHE_ConfigAssociativityMode
                         0x800'63f5   0x1c  Code  Gb  stm32u5xx_hal_icache.o [4]
HAL_ICACHE_Enable        0x800'6411    0xa  Code  Gb  stm32u5xx_hal_icache.o [4]
HAL_IncTick              0x800'aa45   0x18  Code  Gb  stm32u5xx_hal.o [4]
HAL_Init                 0x800'50b1   0x3e  Code  Gb  stm32u5xx_hal.o [4]
HAL_InitTick             0x800'9749   0x4c  Code  Gb  stm32u5xx_hal.o [4]
HAL_MDF_Init             0x800'6041  0x184  Code  Gb  stm32u5xx_hal_mdf.o [4]
HAL_MDF_MspInit          0x800'4041   0x70  Code  Gb  stm32u5xx_hal_msp.o [2]
HAL_MspInit              0x800'4021   0x20  Code  Gb  stm32u5xx_hal_msp.o [2]
HAL_NVIC_EnableIRQ       0x800'7ecf    0x2  Code  Gb  stm32u5xx_hal_cortex.o [4]
HAL_NVIC_SetPriority     0x800'7eb1   0x1e  Code  Gb  stm32u5xx_hal_cortex.o [4]
HAL_NVIC_SetPriorityGrouping
                         0x800'7eaf    0x2  Code  Gb  stm32u5xx_hal_cortex.o [4]
HAL_OSPIM_Config         0x800'65e3  0x3aa  Code  Gb  stm32u5xx_hal_ospi.o [4]
HAL_OSPI_Abort           0x800'6551   0x70  Code  Gb  stm32u5xx_hal_ospi.o [4]
HAL_OSPI_DLYB_SetConfig
                         0x800'6cad   0x2c  Code  Gb  stm32u5xx_hal_ospi.o [4]
HAL_OSPI_Init            0x800'6437  0x100  Code  Gb  stm32u5xx_hal_ospi.o [4]
HAL_OSPI_MspInit         0x800'415f  0x136  Code  Gb  stm32u5xx_hal_msp.o [2]
HAL_OSPI_SetTimeout      0x800'65dd    0x6  Code  Gb  stm32u5xx_hal_ospi.o [4]
HAL_PCDEx_ActivateLPM    0x800'9cdd   0x26  Code  Gb  stm32u5xx_hal_pcd_ex.o [4]
HAL_PCD_Init             0x800'7c95  0x118  Code  Gb  stm32u5xx_hal_pcd.o [4]
HAL_PCD_MspInit          0x800'4687   0x94  Code  Gb  stm32u5xx_hal_msp.o [2]
HAL_PWREx_ConfigSupply   0x800'519d   0x68  Code  Gb  stm32u5xx_hal_pwr_ex.o [4]
HAL_PWREx_ControlVoltageScaling
                         0x800'5101   0x90  Code  Gb  stm32u5xx_hal_pwr_ex.o [4]
HAL_PWREx_EnableVddIO2   0x800'5219    0xc  Code  Gb  stm32u5xx_hal_pwr_ex.o [4]
HAL_PWREx_EnableVddUSB   0x800'5205    0xc  Code  Gb  stm32u5xx_hal_pwr_ex.o [4]
HAL_PWREx_GetVoltageRange
                         0x800'5191    0xc  Code  Gb  stm32u5xx_hal_pwr_ex.o [4]
HAL_RCCEx_GetPLL1ClockFreq
                         0x800'845d   0x9c  Code  Gb  stm32u5xx_hal_rcc_ex.o [4]
HAL_RCCEx_GetPLL2ClockFreq
                         0x800'84f9   0x90  Code  Gb  stm32u5xx_hal_rcc_ex.o [4]
HAL_RCCEx_GetPLL3ClockFreq
                         0x800'86a5   0xa6  Code  Gb  stm32u5xx_hal_rcc_ex.o [4]
HAL_RCCEx_GetPeriphCLKFreq
                         0x800'877d  0x61e  Code  Gb  stm32u5xx_hal_rcc_ex.o [4]
HAL_RCCEx_PeriphCLKConfig
                         0x800'7ef5  0x4fe  Code  Gb  stm32u5xx_hal_rcc_ex.o [4]
HAL_RCC_ClockConfig      0x800'5aad  0x1ee  Code  Gb  stm32u5xx_hal_rcc.o [4]
HAL_RCC_GetHCLKFreq      0x800'5ec5   0x20  Code  Gb  stm32u5xx_hal_rcc.o [4]
HAL_RCC_GetPCLK1Freq     0x800'5eed   0x10  Code  Gb  stm32u5xx_hal_rcc.o [4]
HAL_RCC_GetPCLK2Freq     0x800'5efd   0x14  Code  Gb  stm32u5xx_hal_rcc.o [4]
HAL_RCC_GetPCLK3Freq     0x800'5f11    0xc  Code  Gb  stm32u5xx_hal_rcc.o [4]
HAL_RCC_GetSysClockFreq
                         0x800'5da5  0x120  Code  Gb  stm32u5xx_hal_rcc.o [4]
HAL_RCC_OscConfig        0x800'5239  0x746  Code  Gb  stm32u5xx_hal_rcc.o [4]
HAL_SPIEx_SetConfigAutonomousMode
                         0x800'6eb9   0x44  Code  Gb  stm32u5xx_hal_spi_ex.o [4]
HAL_SPI_Init             0x800'6d31  0x126  Code  Gb  stm32u5xx_hal_spi.o [4]
HAL_SPI_MspInit          0x800'4337   0x74  Code  Gb  stm32u5xx_hal_msp.o [2]
HAL_SYSTICK_Config       0x800'7ed1    0x2  Code  Gb  stm32u5xx_hal_cortex.o [4]
HAL_TIMEx_Break2Callback
                         0x800'7ddb    0x2  Code  Gb  stm32u5xx_hal_tim_ex.o [4]
HAL_TIMEx_BreakCallback
                         0x800'7dd9    0x2  Code  Gb  stm32u5xx_hal_tim_ex.o [4]
HAL_TIMEx_CommutCallback
                         0x800'7ddf    0x2  Code  Gb  stm32u5xx_hal_tim_ex.o [4]
HAL_TIMEx_ConfigBreakDeadTime
                         0x800'3f0b   0xd4  Code  Gb  stm32u5xx_hal_tim_ex.o [4]
HAL_TIMEx_DirectionChangeCallback
                         0x800'7de3    0x2  Code  Gb  stm32u5xx_hal_tim_ex.o [4]
HAL_TIMEx_EncoderIndexCallback
                         0x800'7de1    0x2  Code  Gb  stm32u5xx_hal_tim_ex.o [4]
HAL_TIMEx_IndexErrorCallback
                         0x800'7de5    0x2  Code  Gb  stm32u5xx_hal_tim_ex.o [4]
HAL_TIMEx_MasterConfigSynchronization
                         0x800'3e2b   0xe0  Code  Gb  stm32u5xx_hal_tim_ex.o [4]
HAL_TIMEx_TransitionErrorCallback
                         0x800'7de7    0x2  Code  Gb  stm32u5xx_hal_tim_ex.o [4]
HAL_TIM_Base_Init        0x800'31b5   0x1a  Code  Gb  stm32u5xx_hal_tim.o [4]
HAL_TIM_Base_MspInit     0x800'4489   0x32  Code  Gb  stm32u5xx_hal_msp.o [2]
HAL_TIM_Base_Start       0x800'31cf   0xa2  Code  Gb  stm32u5xx_hal_tim.o [4]
HAL_TIM_IC_CaptureCallback
                         0x800'7dd3    0x2  Code  Gb  stm32u5xx_hal_tim.o [4]
HAL_TIM_IRQHandler       0x800'3519  0x1ee  Code  Gb  stm32u5xx_hal_tim.o [4]
HAL_TIM_MspPostInit      0x800'44c3   0x7a  Code  Gb  stm32u5xx_hal_msp.o [2]
HAL_TIM_OC_DelayElapsedCallback
                         0x800'7dd5    0x2  Code  Gb  stm32u5xx_hal_tim.o [4]
HAL_TIM_PWM_ConfigChannel
                         0x800'3715  0x10a  Code  Gb  stm32u5xx_hal_tim.o [4]
HAL_TIM_PWM_Init         0x800'32e5   0x1a  Code  Gb  stm32u5xx_hal_tim.o [4]
HAL_TIM_PWM_MspInit      0x800'4405   0x7a  Code  Gb  stm32u5xx_hal_msp.o [2]
HAL_TIM_PWM_PulseFinishedCallback
                         0x800'7de9    0x2  Code  Gb  stm32u5xx_hal_tim.o [4]
HAL_TIM_PWM_Start        0x800'32ff  0x134  Code  Gb  stm32u5xx_hal_tim.o [4]
HAL_TIM_PeriodElapsedCallback
                         0x800'7dd7    0x2  Code  Gb  stm32u5xx_hal_tim.o [4]
HAL_TIM_TriggerCallback
                         0x800'7ddd    0x2  Code  Gb  stm32u5xx_hal_tim.o [4]
HAL_UARTEx_DisableFifoMode
                         0x800'4f49   0x32  Code  Gb  stm32u5xx_hal_uart_ex.o [4]
HAL_UARTEx_ReceiveToIdle_IT
                         0x800'5007   0x2c  Code  Gb  stm32u5xx_hal_uart_ex.o [4]
HAL_UARTEx_RxEventCallback
                         0x800'24dd  0x512  Code  Gb  main.o [2]
HAL_UARTEx_RxFifoFullCallback
                         0x800'9899    0x2  Code  Gb  stm32u5xx_hal_uart_ex.o [4]
HAL_UARTEx_SetRxFifoThreshold
                         0x800'4faf   0x14  Code  Gb  stm32u5xx_hal_uart_ex.o [4]
HAL_UARTEx_SetTxFifoThreshold
                         0x800'4f8f   0x16  Code  Gb  stm32u5xx_hal_uart_ex.o [4]
HAL_UARTEx_TxFifoEmptyCallback
                         0x800'9897    0x2  Code  Gb  stm32u5xx_hal_uart_ex.o [4]
HAL_UART_ErrorCallback   0x800'9895    0x2  Code  Gb  stm32u5xx_hal_uart.o [4]
HAL_UART_IRQHandler      0x800'6fb1  0x248  Code  Gb  stm32u5xx_hal_uart.o [4]
HAL_UART_Init            0x800'6efd   0x2a  Code  Gb  stm32u5xx_hal_uart.o [4]
HAL_UART_MspInit         0x800'457d   0xb6  Code  Gb  stm32u5xx_hal_msp.o [2]
HAL_UART_RxCpltCallback
                         0x800'99a5    0x2  Code  Gb  stm32u5xx_hal_uart.o [4]
HAL_UART_TxCpltCallback
                         0x800'99a3    0x2  Code  Gb  stm32u5xx_hal_uart.o [4]
HardFault_Handler        0x800'aa0b    0x2  Code  Gb  stm32u5xx_it.o [2]
LED_Init                 0x800'03f7   0x4c  Code  Gb  main.o [2]
LL_AHB2_GRP1_EnableClock
                         0x800'0235   0x10  Code  Lc  main.o [2]
LL_APB1_GRP2_EnableClock
                         0x800'0245    0xe  Code  Lc  main.o [2]
LL_DLYB_Enable           0x800'642d    0xa  Code  Lc  stm32u5xx_hal_ospi.o [4]
LL_DLYB_SetDelay         0x800'9879   0x1c  Code  Gb  stm32u5xx_ll_dlyb.o [4]
LL_GPIO_Init             0x800'7c0d   0x86  Code  Gb  stm32u5xx_ll_gpio.o [4]
LL_GPIO_SetAFPin_0_7     0x800'7bc1   0x16  Code  Lc  stm32u5xx_ll_gpio.o [4]
LL_GPIO_SetAFPin_8_15    0x800'7bd7   0x1a  Code  Lc  stm32u5xx_ll_gpio.o [4]
LL_GPIO_SetPinMode       0x800'7b71    0xc  Code  Lc  stm32u5xx_ll_gpio.o [4]
LL_GPIO_SetPinOutputType
                         0x800'7b7d    0xc  Code  Lc  stm32u5xx_ll_gpio.o [4]
LL_GPIO_SetPinPull       0x800'7bb5    0xc  Code  Lc  stm32u5xx_ll_gpio.o [4]
LL_GPIO_SetPinSpeed      0x800'7b89    0xc  Code  Lc  stm32u5xx_ll_gpio.o [4]
LPGPIO_Map               0x800'a948   0x80  Data  Lc  stm32u5xx_hal_gpio.o [4]
MDF_GetHandleNumberFromInstance
                         0x800'6231   0x40  Code  Lc  stm32u5xx_hal_mdf.o [4]
MSIRangeTable            0x800'a9c8   0x40  Data  Gb  system_stm32u5xx.o [3]
MX_ADF1_Init             0x800'2b69   0x5a  Code  Lc  main.o [2]
MX_GPIO_Init             0x800'2f27  0x172  Code  Lc  main.o [2]
MX_I2C1_Init             0x800'2bc3   0x34  Code  Lc  main.o [2]
MX_I2C2_Init             0x800'2bfd   0x34  Code  Lc  main.o [2]
MX_ICACHE_Init           0x800'2c53   0x18  Code  Lc  main.o [2]
MX_OCTOSPI1_Init         0x800'2c6b   0x82  Code  Lc  main.o [2]
MX_OCTOSPI2_Init         0x800'2cfd   0x7c  Code  Lc  main.o [2]
MX_SPI2_Init             0x800'2dab   0x6e  Code  Lc  main.o [2]
MX_TIM16_Init            0x800'0a25   0x9a  Code  Lc  main.o [2]
MX_TIM1_Init             0x800'0261   0xba  Code  Lc  main.o [2]
MX_TIM3_Init             0x800'0375   0x4e  Code  Lc  main.o [2]
MX_TIM4_Init             0x800'031b   0x50  Code  Lc  main.o [2]
MX_UART4_Init            0x800'2e19   0x38  Code  Lc  main.o [2]
MX_UCPD1_Init            0x800'2eaf   0x36  Code  Lc  main.o [2]
MX_USART1_UART_Init      0x800'2e51   0x38  Code  Lc  main.o [2]
MX_USB_OTG_FS_PCD_Init   0x800'2ef7   0x22  Code  Lc  main.o [2]
MemManage_Handler        0x800'aa0d    0x2  Code  Gb  stm32u5xx_it.o [2]
NMI_Handler              0x800'aa09    0x2  Code  Gb  stm32u5xx_it.o [2]
NVIC_EncodePriority      0x800'7e47   0x34  Code  Lc  stm32u5xx_hal_cortex.o [4]
OSPIM_GetConfig          0x800'6beb   0xc2  Code  Lc  stm32u5xx_hal_ospi.o [4]
OSPI_WaitFlagStateUntilTimeout
                         0x800'6b99   0x52  Code  Lc  stm32u5xx_hal_ospi.o [4]
PendSV_Handler           0x800'aa17    0x2  Code  Gb  stm32u5xx_it.o [2]
RCCEx_PLL2_Config        0x800'8ecf   0x6a  Code  Lc  stm32u5xx_hal_rcc_ex.o [4]
RCCEx_PLL3_Config        0x800'8f6b   0x6a  Code  Lc  stm32u5xx_hal_rcc_ex.o [4]
RCC_SetFlashLatencyFromMSIRange
                         0x800'5f3d   0x8e  Code  Lc  stm32u5xx_hal_rcc.o [4]
Region$$Table$$Base      0x800'aae0          --   Gb  - Linker created -
Region$$Table$$Limit     0x800'ab04          --   Gb  - Linker created -
SPI_GetPacketSize        0x800'6e91   0x12  Code  Lc  stm32u5xx_hal_spi.o [4]
SVC_Handler              0x800'aa13    0x2  Code  Gb  stm32u5xx_it.o [2]
SysTick_Config           0x800'7e7b   0x34  Code  Lc  stm32u5xx_hal_cortex.o [4]
SysTick_Handler          0x800'aa19    0x4  Code  Gb  stm32u5xx_it.o [2]
SystemClock_Config       0x800'2acd   0x8a  Code  Gb  main.o [2]
SystemCoreClock         0x2000'0004    0x4  Data  Gb  system_stm32u5xx.o [3]
SystemInit               0x800'a4b1   0x4e  Code  Gb  system_stm32u5xx.o [3]
SystemPower_Config       0x800'2b57   0x12  Code  Lc  main.o [2]
TIM16_IRQHandler         0x800'aa2f    0x6  Code  Gb  stm32u5xx_it.o [2]
TIM1_CC_IRQHandler       0x800'aa1d    0x6  Code  Gb  stm32u5xx_it.o [2]
TIM4_IRQHandler          0x800'aa23    0x6  Code  Gb  stm32u5xx_it.o [2]
TIM_Base_SetConfig       0x800'385f  0x162  Code  Gb  stm32u5xx_hal_tim.o [4]
TIM_CCxChannelCmd        0x800'3dfd   0x20  Code  Gb  stm32u5xx_hal_tim.o [4]
TIM_OC1_SetConfig        0x800'39c1   0xcc  Code  Lc  stm32u5xx_hal_tim.o [4]
TIM_OC2_SetConfig        0x800'3a8d   0xaa  Code  Gb  stm32u5xx_hal_tim.o [4]
TIM_OC3_SetConfig        0x800'3b45   0xaa  Code  Lc  stm32u5xx_hal_tim.o [4]
TIM_OC4_SetConfig        0x800'3bfd   0xaa  Code  Lc  stm32u5xx_hal_tim.o [4]
TIM_OC5_SetConfig        0x800'3cbd   0x74  Code  Lc  stm32u5xx_hal_tim.o [4]
TIM_OC6_SetConfig        0x800'3d3d   0x70  Code  Lc  stm32u5xx_hal_tim.o [4]
UARTEx_SetNbDataToProcess
                         0x800'506b   0x3e  Code  Lc  stm32u5xx_hal_uart_ex.o [4]
UARTEx_SetNbDataToProcess::denominator
                         0x800'abcc    0x8  Data  Lc  stm32u5xx_hal_uart_ex.o [4]
UARTEx_SetNbDataToProcess::numerator
                         0x800'abc4    0x8  Data  Lc  stm32u5xx_hal_uart_ex.o [4]
UARTPrescTable           0x800'ab80   0x18  Data  Gb  stm32u5xx_hal_uart.o [4]
UART_AdvFeatureConfig    0x800'73e1   0xda  Code  Gb  stm32u5xx_hal_uart.o [4]
UART_CheckIdleState      0x800'74bb   0x46  Code  Gb  stm32u5xx_hal_uart.o [4]
UART_DMAAbortOnError     0x800'7765   0x10  Code  Lc  stm32u5xx_hal_uart.o [4]
UART_EndRxTransfer       0x800'76ff   0x56  Code  Lc  stm32u5xx_hal_uart.o [4]
UART_EndTransmit_IT      0x800'7775   0x22  Code  Lc  stm32u5xx_hal_uart.o [4]
UART_RxISR_16BIT         0x800'7819   0x7e  Code  Lc  stm32u5xx_hal_uart.o [4]
UART_RxISR_16BIT_FIFOEN
                         0x800'79ad   0xae  Code  Lc  stm32u5xx_hal_uart.o [4]
UART_RxISR_8BIT          0x800'7799   0x7e  Code  Lc  stm32u5xx_hal_uart.o [4]
UART_RxISR_8BIT_FIFOEN   0x800'78c5   0xae  Code  Lc  stm32u5xx_hal_uart.o [4]
UART_SetConfig           0x800'723b  0x17c  Code  Gb  stm32u5xx_hal_uart.o [4]
UART_Start_Receive_IT    0x800'75e5  0x100  Code  Gb  stm32u5xx_hal_uart.o [4]
UART_WaitOnFlagUntilTimeout
                         0x800'752b   0x80  Code  Gb  stm32u5xx_hal_uart.o [4]
USART1_IRQHandler        0x800'aa29    0x6  Code  Gb  stm32u5xx_it.o [2]
USB_CoreInit             0x800'99a9   0x2c  Code  Gb  stm32u5xx_ll_usb.o [4]
USB_CoreReset            0x800'9c8f   0x44  Code  Lc  stm32u5xx_ll_usb.o [4]
USB_DevDisconnect        0x800'9c63   0x1a  Code  Gb  stm32u5xx_ll_usb.o [4]
USB_DevInit              0x800'9a41  0x170  Code  Gb  stm32u5xx_ll_usb.o [4]
USB_DisableGlobalInt     0x800'99d5    0x6  Code  Gb  stm32u5xx_ll_usb.o [4]
USB_FlushRxFifo          0x800'9c0b   0x42  Code  Gb  stm32u5xx_ll_usb.o [4]
USB_FlushTxFifo          0x800'9bc5   0x46  Code  Gb  stm32u5xx_ll_usb.o [4]
USB_GetMode              0x800'9c87    0x8  Code  Gb  stm32u5xx_ll_usb.o [4]
USB_SetCurrentMode       0x800'99e1   0x60  Code  Gb  stm32u5xx_ll_usb.o [4]
USB_SetDevSpeed          0x800'9c4d    0xa  Code  Gb  stm32u5xx_ll_usb.o [4]
UsageFault_Handler       0x800'aa11    0x2  Code  Gb  stm32u5xx_it.o [2]
__NVIC_EnableIRQ         0x800'7e15   0x16  Code  Lc  stm32u5xx_hal_cortex.o [4]
__NVIC_GetPriorityGrouping
                         0x800'7e09    0xa  Code  Lc  stm32u5xx_hal_cortex.o [4]
__NVIC_SetPriority       0x800'7e2b   0x1c  Code  Lc  stm32u5xx_hal_cortex.o [4]
__NVIC_SetPriorityGrouping
                         0x800'7ded   0x1c  Code  Lc  stm32u5xx_hal_cortex.o [4]
__Vectors                0x800'0000          --   Gb  startup_stm32u585xx.o [1]
__Vectors_End            0x800'0234         Data  Gb  startup_stm32u585xx.o [1]
__Vectors_Size {Abs}          0x234          --   Gb  startup_stm32u585xx.o [1]
__aeabi_cdcmpeq          0x800'9d05         Code  Gb  DblCmpEq.o [6]
__aeabi_cdcmple          0x800'9d95         Code  Gb  DblCmpLe.o [6]
__aeabi_cdrcmple         0x800'a06d         Code  Gb  DblCmpGe.o [6]
__aeabi_d2f              0x800'4c45         Code  Gb  DblToFlt.o [6]
__aeabi_d2iz             0x800'9dc9         Code  Gb  DblToS32.o [6]
__aeabi_dadd             0x800'4ce9         Code  Gb  DblAddSub.o [6]
__aeabi_ddiv             0x800'9e25         Code  Gb  DblDiv.o [6]
__aeabi_dmul             0x800'4a99         Code  Gb  DblMul.o [6]
__aeabi_dsub             0x800'4e65         Code  Gb  DblAddSub.o [6]
__aeabi_f2d              0x800'4a39         Code  Gb  FltToDbl.o [6]
__aeabi_i2d              0x800'9e01         Code  Gb  S32ToDbl.o [6]
__aeabi_ldiv0            0x800'a371         Code  Gb  I64DivZer.o [7]
__cmain                  0x800'ab05         Code  Gb  cmain.o [7]
__exit                   0x800'ab39   0x14  Code  Gb  exit.o [8]
__iar_Exp64              0x800'a0a1  0x268  Code  Gb  iar_Exp64.o [6]
__iar_copy_init3         0x800'318b   0x2a  Code  Gb  copy_init3.o [7]
__iar_data_init3         0x800'aa95   0x28  Code  Gb  data_init.o [7]
__iar_frexp              0x800'9d31         Code  Gb  frexp.o [6]
__iar_frexpl             0x800'9d31         Code  Gb  frexp.o [6]
__iar_init_vfp           0x800'aabd         Code  Gb  fpinit_M.o [6]
__iar_ldexp64            0x800'a375         Code  Gb  ldexp.o [6]
__iar_pow64              0x800'909d  0x668  Code  Gb  pow64.o [6]
__iar_pow_medium         0x800'909d  0x668  Code  Gb  pow64.o [6]
__iar_pow_medium64       0x800'909d  0x668  Code  Gb  pow64.o [6]
__iar_pow_mediuml        0x800'909d  0x668  Code  Gb  pow64.o [6]
__iar_program_start      0x800'ab4d         Code  Gb  cstartup_M.o [7]
__iar_scalbln64          0x800'a375         Code  Gb  ldexp.o [6]
__iar_scalbn64           0x800'a375         Code  Gb  ldexp.o [6]
__iar_small_Memcpy       0x800'47dd         Code  Gb  ABImemcpy_small.o [7]
__iar_small_Memset       0x800'7dc1         Code  Gb  ABImemset_small.o [7]
__iar_small_Memset_word
                         0x800'7dc1         Code  Gb  ABImemset_small.o [7]
__iar_small_memcpy       0x800'47d9         Code  Gb  ABImemcpy_small.o [7]
__iar_small_memcpy4      0x800'47d9         Code  Gb  ABImemcpy_small.o [7]
__iar_small_memcpy8      0x800'47d9         Code  Gb  ABImemcpy_small.o [7]
__iar_small_memset       0x800'7dc1         Code  Gb  ABImemset_small.o [7]
__iar_small_strlen       0x800'49dd         Code  Gb  strlen_small.o [7]
__iar_small_strncpy      0x800'49f1         Code  Gb  strncpy_small.o [7]
__iar_small_uldivmod     0x800'989d         Code  Gb  I64DivMod_small.o [7]
__iar_softfp___iar_frexp64
                         0x800'9d25         Code  Gb  frexp.o [6]
__iar_softfp_frexp       0x800'9d25         Code  Gb  frexp.o [6]
__iar_softfp_frexpl      0x800'9d25         Code  Gb  frexp.o [6]
__iar_vfp_pow            0x800'4a87   0x10  Code  Gb  math_wrappers64.o [6]
__iar_zero_init3         0x800'aa5d   0x38  Code  Gb  zero_init3.o [7]
__low_level_init         0x800'ab23    0x4  Code  Gb  low_level_init.o [5]
__vector_table           0x800'0000         Data  Gb  startup_stm32u585xx.o [1]
_call_main               0x800'ab11         Code  Gb  cmain.o [7]
_exit                    0x800'ab2d         Code  Gb  cexit.o [7]
a_mdfHandle             0x2000'10ac   0x1c  Data  Lc  stm32u5xx_hal_mdf.o [4]
alarm1_breathe           0x800'133d   0x30  Code  Gb  main.o [2]
alarm1_down              0x800'12e7   0x3c  Code  Gb  main.o [2]
alarm1_flash             0x800'13cd   0x40  Code  Gb  main.o [2]
alarm1_solid             0x800'142b   0x42  Code  Gb  main.o [2]
alarm1_up                0x800'1295   0x3c  Code  Gb  main.o [2]
alarm2_breathe           0x800'150f   0x32  Code  Gb  main.o [2]
alarm2_down              0x800'14a9   0x58  Code  Gb  main.o [2]
alarm2_flash             0x800'15b9   0x44  Code  Gb  main.o [2]
alarm2_solid             0x800'1635   0x40  Code  Gb  main.o [2]
alarm2_up                0x800'146d   0x3a  Code  Gb  main.o [2]
ascending_breathe        0x800'1749   0x7e  Code  Gb  main.o [2]
ascending_down           0x800'16e1   0x50  Code  Gb  main.o [2]
ascending_flash          0x800'17f5   0x54  Code  Gb  main.o [2]
ascending_solid          0x800'184f   0x42  Code  Gb  main.o [2]
ascending_up             0x800'168d   0x50  Code  Gb  main.o [2]
battery_chime            0x800'0cf1   0x2c  Code  Gb  main.o [2]
batterychime_breathe     0x800'1e29   0x94  Code  Gb  main.o [2]
batterychime_down        0x800'1dd1   0x52  Code  Gb  main.o [2]
batterychime_flash       0x800'1f09   0x54  Code  Gb  main.o [2]
batterychime_solid       0x800'1f5d   0x40  Code  Gb  main.o [2]
batterychime_up          0x800'1d7d   0x52  Code  Gb  main.o [2]
beats_arr               0x2000'0900  0x190  Data  Gb  main.o [2]
blink_LED                0x800'06d1   0xba  Code  Gb  main.o [2]
blink_arr               0x2000'0a90   0xc8  Data  Gb  main.o [2]
breathe_LED_down         0x800'0595   0x78  Code  Gb  main.o [2]
breathe_LED_up           0x800'050d   0x88  Code  Gb  main.o [2]
breathe_LED_up_and_down
                         0x800'060d   0xb2  Code  Gb  main.o [2]
chime_negative           0x800'0c67   0x2c  Code  Gb  main.o [2]
chime_neutral            0x800'0c35   0x32  Code  Gb  main.o [2]
chime_notify             0x800'0cbd   0x34  Code  Gb  main.o [2]
chime_positive           0x800'0c93   0x2a  Code  Gb  main.o [2]
chimeneg_breathe         0x800'23f3   0x24  Code  Gb  main.o [2]
chimeneg_down            0x800'23b3   0x2c  Code  Gb  main.o [2]
chimeneg_flash           0x800'2443   0x3a  Code  Gb  main.o [2]
chimeneg_up              0x800'234d   0x32  Code  Gb  main.o [2]
chimeneutral_breathe     0x800'2039   0x2e  Code  Gb  main.o [2]
chimeneutral_down        0x800'1ff1   0x32  Code  Gb  main.o [2]
chimeneutral_flash       0x800'2079   0x42  Code  Gb  main.o [2]
chimeneutral_solid       0x800'20c1   0x2c  Code  Gb  main.o [2]
chimeneutral_up          0x800'1f9d   0x2e  Code  Gb  main.o [2]
chimenotify_breathe      0x800'1c21   0x6e  Code  Gb  main.o [2]
chimenotify_down         0x800'1ba5   0x50  Code  Gb  main.o [2]
chimenotify_flash        0x800'1cbd   0x3e  Code  Gb  main.o [2]
chimenotify_solid        0x800'1d33   0x38  Code  Gb  main.o [2]
chimenotify_up           0x800'1b45   0x50  Code  Gb  main.o [2]
chimepos_breathe         0x800'21e5   0x6c  Code  Gb  main.o [2]
chimepos_down            0x800'2171   0x58  Code  Gb  main.o [2]
chimepos_flash           0x800'2277   0x40  Code  Gb  main.o [2]
chimepos_solid           0x800'22ed   0x3c  Code  Gb  main.o [2]
chimepos_up              0x800'20ed   0x58  Code  Gb  main.o [2]
descending_breathe       0x800'1985   0x82  Code  Gb  main.o [2]
descending_down          0x800'18f9   0x54  Code  Gb  main.o [2]
descending_flash         0x800'1a31   0x52  Code  Gb  main.o [2]
descending_solid         0x800'1b01   0x42  Code  Gb  main.o [2]
descending_up            0x800'1891   0x54  Code  Gb  main.o [2]
exit                     0x800'ab27    0x4  Code  Gb  exit.o [5]
frequency_to_arr         0x800'0acf    0xa  Code  Gb  main.o [2]
get_freq_from_note       0x800'0d3d   0xb0  Code  Gb  main.o [2]
hi2c1                   0x2000'0fd0   0x4c  Data  Gb  main.o [2]
hi2c2                   0x2000'101c   0x4c  Data  Gb  main.o [2]
hospi1                  0x2000'0de8   0x5c  Data  Gb  main.o [2]
hospi2                  0x2000'0e44   0x5c  Data  Gb  main.o [2]
hpcd_USB_OTG_FS         0x2000'000c  0x50c  Data  Gb  main.o [2]
hspi2                   0x2000'0b58   0x90  Data  Gb  main.o [2]
htim1                   0x2000'0ea0   0x4c  Data  Gb  main.o [2]
htim16                  0x2000'0f84   0x4c  Data  Gb  main.o [2]
htim3                   0x2000'0f38   0x4c  Data  Gb  main.o [2]
htim4                   0x2000'0eec   0x4c  Data  Gb  main.o [2]
huart1                  0x2000'0c78   0x90  Data  Gb  main.o [2]
huart4                  0x2000'0be8   0x90  Data  Gb  main.o [2]
ldexp                    0x800'a375         Code  Gb  ldexp.o [6]
ldexpl                   0x800'a375         Code  Gb  ldexp.o [6]
lnbias                   0x800'a528  0x420  Data  Lc  pow64.o [6]
main                     0x800'2a57   0x68  Code  Gb  main.o [2]
memset                   0x800'3177   0x14  Code  Gb  memset.o [7]
notes_arr               0x2000'0d84   0x64  Data  Gb  main.o [2]
off_LED                  0x800'0443   0x50  Code  Gb  main.o [2]
on_LED                   0x800'09c7   0x5e  Code  Gb  main.o [2]
pair_LED                 0x800'0843   0x46  Code  Gb  main.o [2]
pause_LED                0x800'0493   0x5a  Code  Gb  main.o [2]
pause_piezo              0x800'0b01    0x8  Code  Gb  main.o [2]
piezo_init               0x800'0ad9   0x14  Code  Gb  main.o [2]
piezo_off                0x800'0af5    0xc  Code  Gb  main.o [2]
play_alarm1              0x800'0b3f   0x3e  Code  Gb  main.o [2]
play_alarm2              0x800'0b7d   0x3a  Code  Gb  main.o [2]
play_ascending           0x800'0bdd   0x26  Code  Gb  main.o [2]
play_descending          0x800'0c09   0x2c  Code  Gb  main.o [2]
play_frequency           0x800'0df5   0x34  Code  Gb  main.o [2]
play_frequency_array     0x800'0e39   0x64  Code  Gb  main.o [2]
play_siren               0x800'0b09   0x36  Code  Gb  main.o [2]
play_tune                0x800'0ea1   0x52  Code  Gb  main.o [2]
pow                      0x800'909d  0x668  Code  Gb  pow64.o [6]
powl                     0x800'909d  0x668  Code  Gb  pow64.o [6]
rx_data                 0x2000'0518  0x3e8  Data  Gb  main.o [2]
scalbln                  0x800'a375         Code  Gb  ldexp.o [6]
scalblnl                 0x800'a375         Code  Gb  ldexp.o [6]
scalbn                   0x800'a375         Code  Gb  ldexp.o [6]
scalbnl                  0x800'a375         Code  Gb  ldexp.o [6]
siren_breathe            0x800'103d   0x62  Code  Gb  main.o [2]
siren_down               0x800'0fb9   0x7a  Code  Gb  main.o [2]
siren_flash              0x800'1199   0x2e  Code  Gb  main.o [2]
siren_solid              0x800'1211   0x40  Code  Gb  main.o [2]
siren_up                 0x800'0f05   0xae  Code  Gb  main.o [2]
solid_LED                0x800'07ad   0x6e  Code  Gb  main.o [2]
strcspn                  0x800'9727   0x22  Code  Gb  strcspn.o [5]
strncmp                  0x800'4a0f   0x28  Code  Gb  strncmp.o [5]
strspn                   0x800'9705   0x22  Code  Gb  strspn.o [5]
strtok_r                 0x800'4cad   0x38  Code  Gb  strtok_r.o [5]
synced_breathe_down      0x800'0913   0x76  Code  Gb  main.o [2]
synced_breathe_down_off
                         0x800'09b7    0x8  Code  Gb  main.o [2]
synced_breathe_up        0x800'0893   0x76  Code  Gb  main.o [2]
synced_breathe_up_off    0x800'0909    0xa  Code  Gb  main.o [2]
uwTick                  0x2000'10c8    0x4  Data  Gb  stm32u5xx_hal.o [4]
uwTickFreq              0x2000'0008    0x1  Data  Gb  stm32u5xx_hal.o [4]
uwTickPrio              0x2000'0000    0x4  Data  Gb  stm32u5xx_hal.o [4]
v_adf1InstanceCounter   0x2000'10d0    0x4  Data  Lc  stm32u5xx_hal_mdf.o [4]
v_mdf1InstanceCounter   0x2000'10cc    0x4  Data  Lc  stm32u5xx_hal_mdf.o [4]


[1] = C:\Users\gopala4\OneDrive - Medtronic PLC\Desktop\MXTrial\GUI_Connect\EWARM\GUI_Connect\Obj\Application\EWARM
[2] = C:\Users\gopala4\OneDrive - Medtronic PLC\Desktop\MXTrial\GUI_Connect\EWARM\GUI_Connect\Obj\Application\User\Core
[3] = C:\Users\gopala4\OneDrive - Medtronic PLC\Desktop\MXTrial\GUI_Connect\EWARM\GUI_Connect\Obj\Drivers\CMSIS
[4] = C:\Users\gopala4\OneDrive - Medtronic PLC\Desktop\MXTrial\GUI_Connect\EWARM\GUI_Connect\Obj\Drivers\STM32U5xx_HAL_Driver
[5] = dl7M_tlf.a
[6] = m7M_tls.a
[7] = rt7M_tl.a
[8] = shb_l.a

  43'094 bytes of readonly  code memory
   1'390 bytes of readonly  data memory
   8'401 bytes of readwrite data memory

Errors: none
Warnings: none
